mode: set
manager/game/internal/domain/calendar/calendar.go:19.86,20.21 1 1
manager/game/internal/domain/calendar/calendar.go:20.21,22.3 1 1
manager/game/internal/domain/calendar/calendar.go:23.2,23.23 1 1
manager/game/internal/domain/calendar/calendar.go:23.23,25.3 1 1
manager/game/internal/domain/calendar/calendar.go:26.2,26.68 1 1
manager/game/internal/domain/calendar/calendar.go:29.42,31.2 1 1
manager/game/internal/domain/calendar/calendar.go:33.51,35.18 2 1
manager/game/internal/domain/calendar/calendar.go:35.18,37.3 1 1
manager/game/internal/domain/calendar/calendar.go:38.2,38.33 1 1
manager/game/internal/domain/calendar/calendar.go:41.40,43.2 1 1
manager/game/internal/domain/calendar/calendar.go:45.73,49.2 3 1
manager/game/internal/domain/calendar/calendar.go:51.67,54.2 2 1
manager/game/internal/domain/calendar/calendar.go:134.82,135.30 1 1
manager/game/internal/domain/calendar/calendar.go:135.30,137.3 1 1
manager/game/internal/domain/calendar/calendar.go:138.2,138.31 1 1
manager/game/internal/domain/calendar/calendar.go:138.31,140.3 1 1
manager/game/internal/domain/calendar/calendar.go:141.2,141.49 1 1
manager/game/internal/domain/calendar/calendar.go:141.49,143.3 1 1
manager/game/internal/domain/calendar/calendar.go:145.2,146.16 2 1
manager/game/internal/domain/calendar/calendar.go:146.16,148.3 1 1
manager/game/internal/domain/calendar/calendar.go:149.2,150.16 2 1
manager/game/internal/domain/calendar/calendar.go:150.16,152.3 1 1
manager/game/internal/domain/calendar/calendar.go:154.2,160.8 1 1
manager/game/internal/domain/calendar/calendar.go:163.62,166.32 3 1
manager/game/internal/domain/calendar/calendar.go:166.32,167.53 1 1
manager/game/internal/domain/calendar/calendar.go:167.53,168.12 1 1
manager/game/internal/domain/calendar/calendar.go:170.3,171.30 2 1
manager/game/internal/domain/calendar/calendar.go:171.30,173.4 1 1
manager/game/internal/domain/calendar/calendar.go:174.3,174.28 1 1
manager/game/internal/domain/calendar/calendar.go:174.28,176.4 1 0
manager/game/internal/domain/calendar/calendar.go:177.3,177.21 1 1
manager/game/internal/domain/calendar/calendar.go:178.51,179.62 1 1
manager/game/internal/domain/calendar/calendar.go:180.28,181.78 1 1
manager/game/internal/domain/calendar/calendar.go:182.28,183.78 1 1
manager/game/internal/domain/calendar/calendar.go:186.2,186.15 1 1
manager/game/internal/domain/calendar/calendar.go:189.108,191.32 2 1
manager/game/internal/domain/calendar/calendar.go:191.32,192.79 1 1
manager/game/internal/domain/calendar/calendar.go:192.79,194.4 1 1
manager/game/internal/domain/calendar/calendar.go:197.2,197.22 1 1
manager/game/internal/domain/calendar/calendar.go:197.22,199.3 1 1
manager/game/internal/domain/calendar/calendar.go:200.2,200.29 1 1
manager/game/internal/domain/calendar/calendar.go:200.29,202.3 1 1
manager/game/internal/domain/calendar/calendar.go:204.2,205.36 2 1
manager/game/internal/domain/calendar/calendar.go:205.36,207.3 1 1
manager/game/internal/domain/calendar/calendar.go:208.2,208.20 1 1
manager/game/internal/domain/calendar/calendar.go:208.20,210.3 1 0
manager/game/internal/domain/calendar/calendar.go:212.2,213.59 2 1
manager/game/internal/domain/calendar/calendar.go:213.59,215.25 2 1
manager/game/internal/domain/calendar/calendar.go:215.25,217.4 1 1
manager/game/internal/domain/calendar/calendar.go:218.3,220.45 3 1
manager/game/internal/domain/calendar/calendar.go:223.2,223.13 1 1
manager/game/internal/domain/calendar/calendar.go:226.84,229.42 3 1
manager/game/internal/domain/calendar/calendar.go:229.42,230.51 1 1
manager/game/internal/domain/calendar/calendar.go:230.51,232.4 1 0
manager/game/internal/domain/calendar/calendar.go:233.3,233.53 1 1
manager/game/internal/domain/calendar/calendar.go:236.2,237.25 2 1
manager/game/internal/domain/calendar/calendar.go:237.25,239.3 1 1
manager/game/internal/domain/calendar/calendar.go:241.2,244.32 3 1
manager/game/internal/domain/calendar/calendar.go:244.32,245.94 1 1
manager/game/internal/domain/calendar/calendar.go:245.94,247.4 1 1
manager/game/internal/domain/calendar/calendar.go:248.3,248.42 1 1
manager/game/internal/domain/calendar/calendar.go:248.42,250.4 1 1
manager/game/internal/domain/calendar/calendar.go:251.3,251.42 1 1
manager/game/internal/domain/calendar/calendar.go:251.42,261.4 1 1
manager/game/internal/domain/calendar/calendar.go:263.3,275.40 2 1
manager/game/internal/domain/calendar/calendar.go:278.2,278.46 1 1
manager/game/internal/domain/calendar/calendar.go:278.46,288.3 1 1
manager/game/internal/domain/calendar/calendar.go:290.2,290.21 1 1
manager/game/internal/domain/calendar/calendar.go:293.90,295.47 2 1
manager/game/internal/domain/calendar/calendar.go:295.47,296.34 1 1
manager/game/internal/domain/calendar/calendar.go:296.34,298.4 1 1
manager/game/internal/domain/calendar/calendar.go:299.3,299.124 1 1
manager/game/internal/domain/calendar/calendar.go:299.124,301.4 1 1
manager/game/internal/domain/calendar/calendar.go:302.3,311.5 1 1
manager/game/internal/domain/calendar/calendar.go:313.2,313.42 1 1
manager/game/internal/domain/calendar/calendar.go:313.42,314.51 1 0
manager/game/internal/domain/calendar/calendar.go:314.51,316.4 1 0
manager/game/internal/domain/calendar/calendar.go:317.3,317.53 1 0
manager/game/internal/domain/calendar/calendar.go:319.2,319.21 1 1
manager/game/internal/domain/calendar/calendar.go:322.83,323.31 1 1
manager/game/internal/domain/calendar/calendar.go:323.31,325.3 1 1
manager/game/internal/domain/calendar/calendar.go:326.2,326.78 1 1
manager/game/internal/domain/calendar/calendar.go:326.78,328.3 1 1
manager/game/internal/domain/calendar/calendar.go:329.2,329.107 1 1
manager/game/internal/domain/calendar/calendar.go:329.107,331.3 1 1
manager/game/internal/domain/calendar/calendar.go:332.2,332.38 1 1
manager/game/internal/domain/calendar/calendar.go:332.38,334.3 1 1
manager/game/internal/domain/calendar/calendar.go:335.2,335.12 1 1
manager/game/internal/domain/calendar/calendar.go:338.48,339.23 1 1
manager/game/internal/domain/calendar/calendar.go:339.23,341.3 1 1
manager/game/internal/domain/calendar/calendar.go:342.2,342.38 1 1
manager/game/internal/domain/calendar/calendar.go:342.38,344.3 1 1
manager/game/internal/domain/calendar/calendar.go:345.2,345.23 1 1
manager/game/internal/domain/calendar/calendar.go:348.57,349.24 1 1
manager/game/internal/domain/calendar/calendar.go:349.24,351.3 1 1
manager/game/internal/domain/calendar/calendar.go:352.2,352.26 1 1
manager/game/internal/domain/calendar/scheduler.go:27.78,28.22 1 1
manager/game/internal/domain/calendar/scheduler.go:28.22,30.3 1 1
manager/game/internal/domain/calendar/scheduler.go:32.2,39.21 5 1
manager/game/internal/domain/calendar/scheduler.go:39.21,43.3 3 1
manager/game/internal/domain/calendar/scheduler.go:45.2,49.45 3 1
manager/game/internal/domain/calendar/scheduler.go:49.45,52.3 2 1
manager/game/internal/domain/calendar/scheduler.go:55.2,55.15 1 1
manager/game/internal/domain/calendar/scheduler.go:55.15,58.33 3 1
manager/game/internal/domain/calendar/scheduler.go:58.33,64.4 1 1
manager/game/internal/domain/calendar/scheduler.go:65.3,65.46 1 1
manager/game/internal/domain/calendar/scheduler.go:69.2,69.23 1 1
manager/game/internal/domain/calendar/scheduler.go:69.23,70.45 1 1
manager/game/internal/domain/calendar/scheduler.go:70.45,72.4 1 1
manager/game/internal/domain/calendar/scheduler.go:74.3,74.26 1 1
manager/game/internal/domain/calendar/scheduler.go:74.26,76.4 1 1
manager/game/internal/domain/calendar/scheduler.go:79.2,79.21 1 1
manager/game/internal/domain/calendar/scheduler.go:82.108,88.27 4 1
manager/game/internal/domain/calendar/scheduler.go:88.27,90.3 1 1
manager/game/internal/domain/calendar/scheduler.go:93.2,94.35 2 1
manager/game/internal/domain/calendar/scheduler.go:94.35,96.37 2 1
manager/game/internal/domain/calendar/scheduler.go:96.37,98.4 1 1
manager/game/internal/domain/calendar/scheduler.go:99.3,99.22 1 1
manager/game/internal/domain/calendar/scheduler.go:103.2,103.34 1 1
manager/game/internal/domain/calendar/scheduler.go:103.34,108.55 3 1
manager/game/internal/domain/calendar/scheduler.go:108.55,109.12 1 1
manager/game/internal/domain/calendar/scheduler.go:112.3,116.5 1 1
manager/game/internal/domain/calendar/scheduler.go:119.2,119.16 1 1
manager/game/internal/domain/calendar/scheduler.go:132.61,133.25 1 1
manager/game/internal/domain/calendar/scheduler.go:133.25,135.3 1 1
manager/game/internal/domain/calendar/scheduler.go:137.2,137.31 1 1
manager/game/internal/domain/calendar/scheduler.go:137.31,139.3 1 1
manager/game/internal/domain/calendar/scheduler.go:141.2,141.42 1 1
manager/game/internal/domain/calendar/scheduler.go:141.42,143.3 1 1
manager/game/internal/domain/calendar/scheduler.go:146.2,148.34 3 1
manager/game/internal/domain/calendar/scheduler.go:148.34,150.29 2 1
manager/game/internal/domain/calendar/scheduler.go:150.29,152.4 1 1
manager/game/internal/domain/calendar/scheduler.go:156.2,160.32 4 1
manager/game/internal/domain/calendar/scheduler.go:160.32,162.3 1 1
manager/game/internal/domain/calendar/scheduler.go:165.2,168.45 3 1
manager/game/internal/domain/calendar/scheduler.go:168.45,171.38 2 1
manager/game/internal/domain/calendar/scheduler.go:171.38,180.4 1 1
manager/game/internal/domain/calendar/scheduler.go:182.3,182.31 1 1
manager/game/internal/domain/calendar/scheduler.go:185.2,185.19 1 1
manager/game/internal/domain/calendar/scheduler.go:189.84,191.16 2 1
manager/game/internal/domain/calendar/scheduler.go:191.16,193.3 1 1
manager/game/internal/domain/calendar/scheduler.go:196.2,199.34 3 1
manager/game/internal/domain/calendar/scheduler.go:199.34,200.33 1 1
manager/game/internal/domain/calendar/scheduler.go:200.33,201.34 1 1
manager/game/internal/domain/calendar/scheduler.go:201.34,205.5 3 1
manager/game/internal/domain/calendar/scheduler.go:206.4,206.16 1 1
manager/game/internal/domain/calendar/scheduler.go:207.9,207.40 1 1
manager/game/internal/domain/calendar/scheduler.go:207.40,208.34 1 1
manager/game/internal/domain/calendar/scheduler.go:208.34,212.5 3 1
manager/game/internal/domain/calendar/scheduler.go:213.4,213.16 1 1
manager/game/internal/domain/calendar/scheduler.go:217.2,217.23 1 1
manager/game/internal/domain/calendar/scheduler.go:221.81,222.23 1 1
manager/game/internal/domain/calendar/scheduler.go:222.23,224.3 1 1
manager/game/internal/domain/calendar/scheduler.go:226.2,227.29 2 1
manager/game/internal/domain/calendar/scheduler.go:227.29,229.3 1 1
manager/game/internal/domain/calendar/scheduler.go:232.2,232.32 1 1
manager/game/internal/domain/calendar/scheduler.go:232.32,233.33 1 1
manager/game/internal/domain/calendar/scheduler.go:233.33,235.4 1 0
manager/game/internal/domain/calendar/scheduler.go:236.3,236.33 1 1
manager/game/internal/domain/calendar/scheduler.go:236.33,238.4 1 1
manager/game/internal/domain/calendar/scheduler.go:239.3,239.43 1 1
manager/game/internal/domain/calendar/scheduler.go:239.43,241.4 1 1
manager/game/internal/domain/calendar/scheduler.go:242.3,242.22 1 1
manager/game/internal/domain/calendar/scheduler.go:242.22,244.4 1 1
manager/game/internal/domain/calendar/scheduler.go:248.2,249.32 2 1
manager/game/internal/domain/calendar/scheduler.go:249.32,252.3 2 1
manager/game/internal/domain/calendar/scheduler.go:255.2,255.29 1 1
manager/game/internal/domain/calendar/scheduler.go:255.29,256.28 1 1
manager/game/internal/domain/calendar/scheduler.go:256.28,258.4 1 1
manager/game/internal/domain/calendar/scheduler.go:262.2,263.40 2 1
manager/game/internal/domain/calendar/scheduler.go:263.40,264.28 1 1
manager/game/internal/domain/calendar/scheduler.go:264.28,266.4 1 1
manager/game/internal/domain/calendar/scheduler.go:266.9,266.38 1 1
manager/game/internal/domain/calendar/scheduler.go:266.38,268.4 1 0
manager/game/internal/domain/calendar/scheduler.go:271.2,271.12 1 1
