mode: set
manager/game/internal/infrastructure/database/repository/find_pending_trainings.go:9.60,20.2 1 1
manager/game/simulation/debug_match.go:152.63,165.49 10 1
manager/game/simulation/debug_match.go:165.49,198.24 15 1
manager/game/simulation/debug_match.go:198.24,201.4 2 1
manager/game/simulation/debug_match.go:203.3,205.35 2 1
manager/game/simulation/debug_match.go:205.35,207.4 1 1
manager/game/simulation/debug_match.go:208.3,208.29 1 1
manager/game/simulation/debug_match.go:208.29,210.4 1 1
manager/game/simulation/debug_match.go:211.3,211.29 1 1
manager/game/simulation/debug_match.go:211.29,213.4 1 1
manager/game/simulation/debug_match.go:214.3,214.29 1 1
manager/game/simulation/debug_match.go:214.29,216.4 1 1
manager/game/simulation/debug_match.go:218.3,221.23 3 1
manager/game/simulation/debug_match.go:224.2,224.18 1 1
manager/game/simulation/debug_match.go:227.57,229.40 2 1
manager/game/simulation/debug_match.go:229.40,231.40 2 1
manager/game/simulation/debug_match.go:231.40,233.4 1 1
manager/game/simulation/debug_match.go:236.2,236.48 1 1
manager/game/simulation/debug_match.go:236.48,237.94 1 1
manager/game/simulation/debug_match.go:237.94,239.4 1 0
manager/game/simulation/debug_match.go:240.3,240.33 1 1
manager/game/simulation/debug_match.go:243.2,243.44 1 1
manager/game/simulation/debug_match.go:243.44,245.3 1 1
manager/game/simulation/debug_match.go:246.2,246.44 1 1
manager/game/simulation/debug_match.go:246.44,248.3 1 1
manager/game/simulation/debug_match.go:249.2,270.43 9 1
manager/game/simulation/debug_match.go:270.43,272.52 2 0
manager/game/simulation/debug_match.go:272.52,274.4 1 0
manager/game/simulation/debug_match.go:275.3,275.70 1 0
manager/game/simulation/debug_match.go:277.2,279.27 2 1
manager/game/simulation/debug_match.go:279.27,281.3 1 1
manager/game/simulation/debug_match.go:283.2,283.34 1 1
manager/game/simulation/debug_match.go:286.103,290.22 3 1
manager/game/simulation/debug_match.go:290.22,291.28 1 1
manager/game/simulation/debug_match.go:292.36,293.25 1 1
manager/game/simulation/debug_match.go:294.36,295.25 1 1
manager/game/simulation/debug_match.go:296.11,297.35 1 1
manager/game/simulation/debug_match.go:300.2,300.22 1 1
manager/game/simulation/debug_match.go:300.22,302.3 1 0
manager/game/simulation/debug_match.go:304.2,304.16 1 1
manager/game/simulation/debug_match.go:304.16,305.28 1 1
manager/game/simulation/debug_match.go:306.89,307.21 1 1
manager/game/simulation/debug_match.go:308.11,309.23 1 0
manager/game/simulation/debug_match.go:312.2,312.16 1 1
manager/game/simulation/debug_match.go:312.16,314.3 1 0
manager/game/simulation/debug_match.go:316.2,316.25 1 1
manager/game/simulation/debug_match.go:319.72,320.19 1 1
manager/game/simulation/debug_match.go:321.88,322.20 1 1
manager/game/simulation/debug_match.go:323.51,324.24 1 1
manager/game/simulation/debug_match.go:325.32,326.29 1 1
manager/game/simulation/debug_match.go:326.29,328.4 1 1
manager/game/simulation/debug_match.go:329.3,329.22 1 1
manager/game/simulation/debug_match.go:330.19,331.32 1 1
manager/game/simulation/debug_match.go:331.32,333.4 1 1
manager/game/simulation/debug_match.go:334.3,334.34 1 1
manager/game/simulation/debug_match.go:334.34,336.4 1 1
manager/game/simulation/debug_match.go:337.3,337.20 1 1
manager/game/simulation/debug_match.go:338.17,339.32 1 1
manager/game/simulation/debug_match.go:339.32,341.4 1 1
manager/game/simulation/debug_match.go:342.3,342.36 1 1
manager/game/simulation/debug_match.go:342.36,344.4 1 1
manager/game/simulation/debug_match.go:346.2,346.20 1 1
manager/game/simulation/debug_match.go:349.260,378.23 7 1
manager/game/simulation/debug_match.go:378.23,382.3 3 1
manager/game/simulation/debug_match.go:383.2,384.17 2 1
manager/game/simulation/debug_match.go:387.106,391.24 3 1
manager/game/simulation/debug_match.go:391.24,392.24 1 1
manager/game/simulation/debug_match.go:392.24,393.12 1 1
manager/game/simulation/debug_match.go:395.3,399.29 5 1
manager/game/simulation/debug_match.go:399.29,401.4 1 1
manager/game/simulation/debug_match.go:402.3,404.259 3 1
manager/game/simulation/debug_match.go:407.2,407.15 1 1
manager/game/simulation/debug_match.go:410.74,412.24 2 1
manager/game/simulation/debug_match.go:412.24,414.23 2 1
manager/game/simulation/debug_match.go:414.23,417.4 2 1
manager/game/simulation/debug_match.go:418.3,431.5 1 1
manager/game/simulation/debug_match.go:433.2,434.17 2 1
manager/game/simulation/debug_match.go:437.61,439.40 2 1
manager/game/simulation/debug_match.go:439.40,441.40 2 1
manager/game/simulation/debug_match.go:441.40,443.4 1 1
manager/game/simulation/debug_match.go:446.2,446.62 1 1
manager/game/simulation/debug_match.go:446.62,447.94 1 1
manager/game/simulation/debug_match.go:447.94,449.4 1 0
manager/game/simulation/debug_match.go:450.3,450.92 1 1
manager/game/simulation/debug_match.go:453.2,453.38 1 1
manager/game/simulation/debug_match.go:453.38,455.3 1 1
manager/game/simulation/debug_match.go:456.2,456.38 1 1
manager/game/simulation/debug_match.go:456.38,458.3 1 1
manager/game/simulation/debug_match.go:459.2,464.15 5 1
manager/game/simulation/debug_match.go:467.103,470.32 3 1
manager/game/simulation/debug_match.go:470.32,472.19 2 1
manager/game/simulation/debug_match.go:472.19,474.4 1 0
manager/game/simulation/debug_match.go:475.3,483.5 1 1
manager/game/simulation/debug_match.go:485.2,485.15 1 1
manager/game/simulation/debug_match.go:488.63,490.24 2 1
manager/game/simulation/debug_match.go:490.24,491.23 1 1
manager/game/simulation/debug_match.go:491.23,493.4 1 1
manager/game/simulation/debug_match.go:495.2,495.15 1 1
manager/game/simulation/debug_match.go:498.103,499.48 1 1
manager/game/simulation/debug_match.go:499.48,501.3 1 1
manager/game/simulation/debug_match.go:503.2,507.29 4 1
manager/game/simulation/debug_match.go:507.29,508.29 1 1
manager/game/simulation/debug_match.go:508.29,509.12 1 1
manager/game/simulation/debug_match.go:511.3,512.39 2 1
manager/game/simulation/debug_match.go:512.39,513.12 1 1
manager/game/simulation/debug_match.go:515.3,517.18 3 1
manager/game/simulation/debug_match.go:520.2,520.50 1 1
manager/game/simulation/debug_match.go:520.50,522.3 1 1
manager/game/simulation/debug_match.go:524.2,525.34 2 1
manager/game/simulation/debug_match.go:525.34,527.3 1 1
manager/game/simulation/debug_match.go:527.8,527.58 1 1
manager/game/simulation/debug_match.go:527.58,529.3 1 1
manager/game/simulation/debug_match.go:531.2,535.33 5 1
manager/game/simulation/debug_match.go:535.33,537.3 1 1
manager/game/simulation/debug_match.go:539.2,549.43 2 1
manager/game/simulation/debug_match.go:552.81,557.28 5 1
manager/game/simulation/debug_match.go:557.28,558.27 1 1
manager/game/simulation/debug_match.go:558.27,559.12 1 1
manager/game/simulation/debug_match.go:561.3,562.15 2 1
manager/game/simulation/debug_match.go:562.15,563.12 1 1
manager/game/simulation/debug_match.go:565.3,567.23 3 1
manager/game/simulation/debug_match.go:567.23,569.4 1 1
manager/game/simulation/debug_match.go:570.3,570.37 1 1
manager/game/simulation/debug_match.go:570.37,572.4 1 0
manager/game/simulation/debug_match.go:573.3,573.22 1 1
manager/game/simulation/debug_match.go:573.22,576.4 2 1
manager/game/simulation/debug_match.go:578.2,578.26 1 1
manager/game/simulation/debug_match.go:581.56,582.69 1 1
manager/game/simulation/debug_match.go:582.69,584.3 1 1
manager/game/simulation/debug_match.go:585.2,585.118 1 1
manager/game/simulation/debug_match.go:585.118,587.3 1 0
manager/game/simulation/debug_match.go:588.2,588.61 1 1
manager/game/simulation/debug_match.go:588.61,590.3 1 0
manager/game/simulation/debug_match.go:591.2,591.10 1 1
manager/game/simulation/debug_match.go:594.36,595.29 1 1
manager/game/simulation/debug_match.go:596.20,597.14 1 1
manager/game/simulation/debug_match.go:598.30,599.19 1 1
manager/game/simulation/debug_match.go:600.17,601.18 1 1
manager/game/simulation/debug_match.go:602.10,603.20 1 1
manager/game/simulation/debug_match.go:607.51,610.2 2 1
manager/game/simulation/debug_match.go:612.54,614.23 2 1
manager/game/simulation/debug_match.go:614.23,616.3 1 1
manager/game/simulation/debug_match.go:617.2,621.32 5 1
manager/game/simulation/debug_match.go:624.89,625.24 1 1
manager/game/simulation/debug_match.go:625.24,626.24 1 1
manager/game/simulation/debug_match.go:626.24,627.12 1 1
manager/game/simulation/debug_match.go:629.3,630.20 2 1
manager/game/simulation/debug_match.go:630.20,632.4 1 1
manager/game/simulation/debug_match.go:633.3,633.15 1 1
manager/game/simulation/debug_match.go:634.20,635.17 1 1
manager/game/simulation/debug_match.go:636.26,637.17 1 1
manager/game/simulation/debug_match.go:638.11,639.17 1 1
manager/game/simulation/debug_match.go:641.3,641.16 1 1
manager/game/simulation/debug_match.go:641.16,643.4 1 1
manager/game/simulation/debug_match.go:644.3,644.66 1 1
manager/game/simulation/debug_match.go:648.37,649.29 1 1
manager/game/simulation/debug_match.go:650.20,651.14 1 1
manager/game/simulation/debug_match.go:652.18,653.14 1 1
manager/game/simulation/debug_match.go:654.18,655.13 1 1
manager/game/simulation/debug_match.go:656.17,657.14 1 1
manager/game/simulation/debug_match.go:658.10,659.14 1 1
manager/game/simulation/debug_match.go:663.51,665.24 2 1
manager/game/simulation/debug_match.go:665.24,666.24 1 1
manager/game/simulation/debug_match.go:666.24,667.12 1 1
manager/game/simulation/debug_match.go:669.3,670.21 2 1
manager/game/simulation/debug_match.go:670.21,672.4 1 1
manager/game/simulation/debug_match.go:674.2,674.38 1 1
manager/game/simulation/debug_match.go:674.38,676.3 1 0
manager/game/simulation/debug_match.go:677.2,677.15 1 1
manager/game/simulation/debug_match.go:680.70,684.2 3 1
manager/game/simulation/debug_match.go:686.84,698.2 11 1
manager/game/simulation/debug_match.go:700.47,702.2 1 1
manager/game/simulation/debug_match.go:704.36,705.15 1 1
manager/game/simulation/debug_match.go:705.15,707.3 1 1
manager/game/simulation/debug_match.go:708.2,708.16 1 1
manager/game/simulation/debug_match.go:708.16,710.3 1 1
manager/game/simulation/debug_match.go:711.2,711.14 1 1
manager/game/simulation/debug_match.go:714.58,716.2 1 1
manager/game/simulation/debug_match.go:718.126,721.13 3 1
manager/game/simulation/debug_match.go:721.13,724.3 2 1
manager/game/simulation/debug_match.go:726.2,727.14 2 1
manager/game/simulation/debug_match.go:728.19,729.17 1 1
manager/game/simulation/debug_match.go:730.25,731.17 1 1
manager/game/simulation/debug_match.go:732.10,733.18 1 1
manager/game/simulation/debug_match.go:735.2,738.40 3 1
manager/game/simulation/debug_match.go:738.40,739.19 1 1
manager/game/simulation/debug_match.go:740.19,741.18 1 1
manager/game/simulation/debug_match.go:742.21,743.17 1 1
manager/game/simulation/debug_match.go:744.19,745.17 1 1
manager/game/simulation/debug_match.go:746.23,747.17 1 1
manager/game/simulation/debug_match.go:748.19,749.17 1 1
manager/game/simulation/debug_match.go:751.8,752.19 1 1
manager/game/simulation/debug_match.go:753.19,754.17 1 1
manager/game/simulation/debug_match.go:755.21,756.17 1 1
manager/game/simulation/debug_match.go:757.19,758.17 1 1
manager/game/simulation/debug_match.go:759.23,760.18 1 1
manager/game/simulation/debug_match.go:761.19,762.18 1 1
manager/game/simulation/debug_match.go:766.2,776.3 6 1
manager/game/simulation/debug_match.go:784.54,785.18 1 1
manager/game/simulation/debug_match.go:786.20,787.38 1 1
manager/game/simulation/debug_match.go:788.19,789.39 1 1
manager/game/simulation/debug_match.go:790.20,791.39 1 1
manager/game/simulation/debug_match.go:792.21,793.39 1 1
manager/game/simulation/debug_match.go:794.30,795.39 1 1
manager/game/simulation/debug_match.go:796.57,797.39 1 1
manager/game/simulation/debug_match.go:798.60,799.39 1 1
manager/game/simulation/debug_match.go:800.28,801.39 1 1
manager/game/simulation/debug_match.go:802.30,803.39 1 1
manager/game/simulation/debug_match.go:804.24,805.39 1 1
manager/game/simulation/debug_match.go:806.35,807.39 1 1
manager/game/simulation/debug_match.go:808.10,809.39 1 1
manager/game/simulation/debug_match.go:813.54,815.20 2 1
manager/game/simulation/debug_match.go:816.18,817.39 1 1
manager/game/simulation/debug_match.go:818.41,819.22 1 1
manager/game/simulation/debug_match.go:820.76,821.23 1 1
manager/game/simulation/debug_match.go:822.50,823.21 1 1
manager/game/simulation/debug_match.go:824.51,825.22 1 1
manager/game/simulation/debug_match.go:826.64,827.32 1 1
manager/game/simulation/debug_match.go:828.73,829.30 1 1
manager/game/simulation/debug_match.go:830.69,831.32 1 1
manager/game/simulation/debug_match.go:832.104,833.23 1 1
manager/game/simulation/debug_match.go:834.106,835.24 1 1
manager/game/simulation/debug_match.go:836.60,837.26 1 1
manager/game/simulation/debug_match.go:838.103,839.26 1 1
manager/game/simulation/debug_match.go:840.10,841.39 1 1
manager/game/simulation/debug_match.go:845.50,846.29 1 1
manager/game/simulation/debug_match.go:847.20,848.22 1 1
manager/game/simulation/debug_match.go:849.18,850.23 1 1
manager/game/simulation/debug_match.go:851.18,852.21 1 1
manager/game/simulation/debug_match.go:853.17,854.26 1 1
manager/game/simulation/debug_match.go:855.10,856.30 1 1
manager/game/simulation/debug_match.go:860.41,880.2 2 1
manager/game/simulation/debug_match.go:882.43,883.14 1 1
manager/game/simulation/debug_match.go:884.20,885.13 1 1
manager/game/simulation/debug_match.go:886.18,887.14 1 1
manager/game/simulation/debug_match.go:888.18,889.14 1 1
manager/game/simulation/debug_match.go:890.17,891.14 1 1
manager/game/simulation/debug_match.go:892.10,893.13 1 1
manager/game/simulation/debug_match.go:897.64,908.30 3 1
manager/game/simulation/debug_match.go:908.30,910.3 1 1
manager/game/simulation/debug_match.go:911.2,911.45 1 1
manager/game/simulation/debug_match.go:914.68,916.14 2 1
manager/game/simulation/debug_match.go:917.18,918.16 1 1
manager/game/simulation/debug_match.go:919.20,920.16 1 1
manager/game/simulation/debug_match.go:921.18,922.16 1 1
manager/game/simulation/debug_match.go:923.22,924.16 1 1
manager/game/simulation/debug_match.go:925.18,926.16 1 1
manager/game/simulation/debug_match.go:928.2,928.28 1 1
manager/game/simulation/debug_match.go:928.28,930.3 1 1
manager/game/simulation/debug_match.go:932.2,935.3 1 1
manager/game/simulation/debug_match.go:938.37,940.2 1 1
manager/game/simulation/debug_match.go:942.37,944.2 1 1
manager/game/simulation/debug_match.go:946.37,947.79 1 1
manager/game/simulation/debug_match.go:947.79,949.3 1 1
manager/game/simulation/debug_match.go:950.2,950.39 1 1
manager/game/simulation/debug_match.go:950.39,952.3 1 1
manager/game/simulation/debug_match.go:953.2,953.38 1 1
manager/game/simulation/debug_match.go:953.38,955.3 1 1
manager/game/simulation/debug_match.go:956.2,956.55 1 1
manager/game/simulation/debug_match.go:956.55,958.3 1 1
manager/game/simulation/debug_match.go:959.2,959.28 1 1
manager/game/simulation/debug_match.go:959.28,961.3 1 1
manager/game/simulation/debug_match.go:962.2,962.38 1 1
manager/game/simulation/debug_match.go:962.38,963.40 1 1
manager/game/simulation/debug_match.go:963.40,965.4 1 1
manager/game/simulation/debug_match.go:967.2,967.12 1 1
manager/game/simulation/debug_match.go:970.65,971.10 1 1
manager/game/simulation/debug_match.go:971.10,972.36 1 1
manager/game/simulation/debug_match.go:972.36,974.4 1 1
manager/game/simulation/debug_match.go:975.3,975.16 1 1
manager/game/simulation/debug_match.go:977.2,977.35 1 1
manager/game/simulation/debug_match.go:977.35,979.3 1 1
manager/game/simulation/debug_match.go:980.2,980.15 1 1
manager/game/simulation/debug_match.go:983.55,984.19 1 1
manager/game/simulation/debug_match.go:985.84,986.26 1 1
manager/game/simulation/debug_match.go:986.26,988.4 1 1
manager/game/simulation/debug_match.go:989.3,989.18 1 1
manager/game/simulation/debug_match.go:990.10,991.17 1 1
manager/game/simulation/debug_match.go:995.53,997.19 2 1
manager/game/simulation/debug_match.go:997.19,999.3 1 1
manager/game/simulation/debug_match.go:1000.2,1000.10 1 1
manager/game/simulation/debug_match.go:1000.10,1002.3 1 1
manager/game/simulation/debug_match.go:1003.2,1003.15 1 1
manager/game/simulation/debug_match.go:1006.38,1010.2 3 1
manager/game/simulation/debug_match.go:1012.56,1013.48 1 1
manager/game/simulation/debug_match.go:1013.48,1014.45 1 1
manager/game/simulation/debug_match.go:1014.45,1016.4 1 1
manager/game/simulation/debug_match.go:1017.3,1017.47 1 1
manager/game/simulation/debug_match.go:1017.47,1019.4 1 1
manager/game/simulation/debug_match.go:1020.3,1020.43 1 1
manager/game/simulation/debug_match.go:1024.163,1026.16 2 1
manager/game/simulation/debug_match.go:1026.16,1028.3 1 1
manager/game/simulation/debug_match.go:1029.2,1030.22 2 1
manager/game/simulation/debug_match.go:1030.22,1032.3 1 1
manager/game/simulation/debug_match.go:1033.2,1034.24 2 1
manager/game/simulation/debug_match.go:1034.24,1035.23 1 1
manager/game/simulation/debug_match.go:1035.23,1037.4 1 1
manager/game/simulation/debug_match.go:1039.2,1039.22 1 1
manager/game/simulation/debug_match.go:1039.22,1041.3 1 0
manager/game/simulation/debug_match.go:1043.2,1045.24 3 1
manager/game/simulation/debug_match.go:1045.24,1047.3 1 0
manager/game/simulation/debug_match.go:1049.2,1050.42 2 1
manager/game/simulation/debug_match.go:1053.58,1054.19 1 1
manager/game/simulation/debug_match.go:1055.47,1056.18 1 1
manager/game/simulation/debug_match.go:1057.47,1058.18 1 1
manager/game/simulation/debug_match.go:1059.30,1060.12 1 1
manager/game/simulation/debug_match.go:1061.10,1062.20 1 1
manager/game/simulation/debug_match.go:1066.53,1067.19 1 1
manager/game/simulation/debug_match.go:1068.49,1069.43 1 1
manager/game/simulation/debug_match.go:1070.33,1071.56 1 1
manager/game/simulation/debug_match.go:1072.36,1073.55 1 1
manager/game/simulation/debug_match.go:1074.58,1075.56 1 1
manager/game/simulation/debug_match.go:1076.10,1077.13 1 1
manager/game/simulation/debug_match.go:1081.84,1082.21 1 1
manager/game/simulation/debug_match.go:1082.21,1084.3 1 1
manager/game/simulation/debug_match.go:1085.2,1086.29 2 1
manager/game/simulation/debug_match.go:1086.29,1088.3 1 1
manager/game/simulation/debug_match.go:1089.2,1090.28 2 1
manager/game/simulation/debug_match.go:1090.28,1091.55 1 1
manager/game/simulation/debug_match.go:1091.55,1093.4 1 1
manager/game/simulation/debug_match.go:1095.2,1095.17 1 1
manager/game/simulation/debug_match.go:1098.68,1099.18 1 1
manager/game/simulation/debug_match.go:1099.18,1101.3 1 0
manager/game/simulation/debug_match.go:1102.2,1102.19 1 1
manager/game/simulation/debug_match.go:1103.20,1105.25 2 1
manager/game/simulation/debug_match.go:1106.19,1109.21 3 1
manager/game/simulation/debug_match.go:1110.62,1112.25 2 1
manager/game/simulation/debug_match.go:1113.32,1116.22 3 1
manager/game/simulation/debug_match.go:1117.32,1119.16 2 1
manager/game/simulation/debug_match.go:1123.65,1124.41 1 1
manager/game/simulation/debug_match.go:1124.41,1126.3 1 1
manager/game/simulation/debug_match.go:1127.2,1127.57 1 1
manager/game/simulation/debug_match.go:1127.57,1129.3 1 0
manager/game/simulation/debug_match.go:1130.2,1130.47 1 1
manager/game/simulation/debug_match.go:1133.45,1135.12 2 1
manager/game/simulation/debug_match.go:1135.12,1137.3 1 1
manager/game/simulation/debug_match.go:1138.2,1139.12 2 1
manager/game/simulation/debug_match.go:1139.12,1141.3 1 1
manager/game/simulation/debug_match.go:1142.2,1142.16 1 1
manager/game/simulation/debug_match.go:1145.40,1146.17 1 1
manager/game/simulation/debug_match.go:1146.17,1148.3 1 1
manager/game/simulation/debug_match.go:1149.2,1149.17 1 1
manager/game/simulation/debug_match.go:1149.17,1151.3 1 1
manager/game/simulation/debug_match.go:1152.2,1152.14 1 1
manager/game/simulation/play_match.go:133.58,145.15 4 1
manager/game/simulation/play_match.go:145.15,146.67 1 1
manager/game/simulation/play_match.go:146.67,149.4 2 1
manager/game/simulation/play_match.go:149.9,152.4 2 1
manager/game/simulation/play_match.go:153.3,153.17 1 1
manager/game/simulation/play_match.go:156.2,156.16 1 1
manager/game/simulation/play_match.go:156.16,160.3 3 1
manager/game/simulation/play_match.go:162.2,172.86 10 1
manager/game/simulation/play_match.go:172.86,176.3 3 1
manager/game/simulation/play_match.go:177.2,177.86 1 1
manager/game/simulation/play_match.go:177.86,181.3 3 1
manager/game/simulation/play_match.go:183.2,185.33 2 1
manager/game/simulation/play_match.go:185.33,190.3 4 1
manager/game/simulation/play_match.go:191.2,191.54 1 1
manager/game/simulation/play_match.go:191.54,196.3 4 1
manager/game/simulation/play_match.go:198.2,198.82 1 1
manager/game/simulation/play_match.go:198.82,202.3 3 1
manager/game/simulation/play_match.go:203.2,203.82 1 1
manager/game/simulation/play_match.go:203.82,207.3 3 1
manager/game/simulation/play_match.go:209.2,210.36 2 1
manager/game/simulation/play_match.go:213.58,214.37 1 1
manager/game/simulation/play_match.go:214.37,218.3 3 1
manager/game/simulation/play_match.go:219.2,219.16 1 1
manager/game/simulation/play_match.go:222.91,239.29 11 1
manager/game/simulation/play_match.go:239.29,242.3 2 1
manager/game/simulation/play_match.go:244.2,253.3 1 1
manager/game/simulation/play_match.go:256.69,257.55 1 1
manager/game/simulation/play_match.go:258.16,259.18 1 1
manager/game/simulation/play_match.go:260.16,261.18 1 1
manager/game/simulation/play_match.go:262.10,263.23 1 1
manager/game/simulation/play_match.go:263.23,265.4 1 1
manager/game/simulation/play_match.go:266.3,266.18 1 1
manager/game/simulation/play_match.go:270.128,271.28 1 1
manager/game/simulation/play_match.go:271.28,272.23 1 1
manager/game/simulation/play_match.go:272.23,274.4 1 1
manager/game/simulation/play_match.go:275.3,275.19 1 1
manager/game/simulation/play_match.go:278.2,279.28 2 1
manager/game/simulation/play_match.go:279.28,281.3 1 1
manager/game/simulation/play_match.go:283.2,284.9 2 1
manager/game/simulation/play_match.go:285.19,286.20 1 1
manager/game/simulation/play_match.go:287.19,288.22 1 1
manager/game/simulation/play_match.go:289.19,290.20 1 1
manager/game/simulation/play_match.go:291.18,292.24 1 1
manager/game/simulation/play_match.go:293.10,294.20 1 1
manager/game/simulation/play_match.go:298.99,301.34 3 1
manager/game/simulation/play_match.go:301.34,302.24 1 1
manager/game/simulation/play_match.go:302.24,304.9 2 1
manager/game/simulation/play_match.go:308.2,309.28 2 1
manager/game/simulation/play_match.go:309.28,311.3 1 1
manager/game/simulation/play_match.go:313.2,317.28 4 1
manager/game/simulation/play_match.go:317.28,319.3 1 1
manager/game/simulation/play_match.go:319.8,319.36 1 1
manager/game/simulation/play_match.go:319.36,321.3 1 1
manager/game/simulation/play_match.go:323.2,323.15 1 1
manager/game/simulation/play_match.go:323.15,325.3 1 0
manager/game/simulation/play_match.go:326.2,326.25 1 1
manager/game/simulation/play_match.go:326.25,328.3 1 1
manager/game/simulation/play_match.go:329.2,329.21 1 1
manager/game/simulation/play_match.go:332.61,333.28 1 1
manager/game/simulation/play_match.go:333.28,334.49 1 1
manager/game/simulation/play_match.go:334.49,336.4 1 1
manager/game/simulation/play_match.go:337.3,337.34 1 1
manager/game/simulation/play_match.go:339.2,339.48 1 1
manager/game/simulation/play_match.go:339.48,341.3 1 1
manager/game/simulation/play_match.go:342.2,342.33 1 1
manager/game/simulation/play_match.go:345.85,346.22 1 1
manager/game/simulation/play_match.go:346.22,348.3 1 1
manager/game/simulation/play_match.go:350.2,353.52 3 1
manager/game/simulation/play_match.go:353.52,375.3 2 1
manager/game/simulation/play_match.go:377.2,389.3 1 1
manager/game/simulation/play_match.go:392.77,393.23 1 1
manager/game/simulation/play_match.go:393.23,395.3 1 0
manager/game/simulation/play_match.go:397.2,401.28 4 1
manager/game/simulation/play_match.go:401.28,437.3 28 1
manager/game/simulation/play_match.go:439.2,447.3 2 1
manager/game/simulation/play_match.go:450.130,464.28 5 1
manager/game/simulation/play_match.go:464.28,467.3 2 1
manager/game/simulation/play_match.go:467.8,470.3 2 1
manager/game/simulation/play_match.go:472.2,475.31 3 1
manager/game/simulation/play_match.go:478.84,479.14 1 1
manager/game/simulation/play_match.go:480.20,481.23 1 1
manager/game/simulation/play_match.go:482.18,483.26 1 1
manager/game/simulation/play_match.go:484.18,485.24 1 1
manager/game/simulation/play_match.go:486.20,487.23 1 1
manager/game/simulation/play_match.go:488.17,489.25 1 1
manager/game/simulation/play_match.go:490.10,491.23 1 0
manager/game/simulation/play_match.go:495.84,496.14 1 1
manager/game/simulation/play_match.go:497.19,498.25 1 1
manager/game/simulation/play_match.go:499.25,500.26 1 1
manager/game/simulation/play_match.go:501.10,502.25 1 1
manager/game/simulation/play_match.go:506.40,508.11 2 1
manager/game/simulation/play_match.go:509.69,510.11 1 1
manager/game/simulation/play_match.go:511.10,512.22 1 0
manager/game/simulation/play_match.go:516.40,518.2 1 1
manager/game/simulation/play_match.go:520.36,521.14 1 1
manager/game/simulation/play_match.go:522.72,523.14 1 1
manager/game/simulation/play_match.go:524.10,525.15 1 1
manager/game/simulation/play_match.go:529.51,537.2 3 1
manager/game/simulation/play_match.go:539.34,540.14 1 1
manager/game/simulation/play_match.go:540.14,542.3 1 1
manager/game/simulation/play_match.go:543.2,543.28 1 1
manager/game/simulation/play_match.go:543.28,545.3 1 1
manager/game/simulation/play_match.go:546.2,546.13 1 1
manager/game/simulation/play_match.go:549.29,550.29 1 1
manager/game/simulation/play_match.go:550.29,552.3 1 1
manager/game/simulation/play_match.go:553.2,553.17 1 1
manager/game/simulation/play_match.go:556.65,562.2 4 1
manager/game/simulation/play_match.go:564.71,572.2 5 1
manager/game/simulation/play_match.go:574.48,580.2 4 1
manager/game/simulation/play_match.go:582.50,584.2 1 1
manager/game/simulation/play_match.go:586.62,593.2 2 1
manager/game/simulation/play_match.go:595.94,612.2 4 1
manager/game/simulation/training.go:9.94,17.2 1 1
manager/game/internal/infrastructure/database/generated/auth.sql.go:44.87,66.2 4 1
manager/game/internal/infrastructure/database/generated/auth.sql.go:74.86,89.2 4 1
manager/game/internal/infrastructure/database/generated/auth.sql.go:97.80,112.2 4 1
manager/game/internal/infrastructure/database/generated/auth.sql.go:127.106,142.2 4 1
manager/game/internal/infrastructure/database/generated/club.sql.go:47.87,70.2 4 1
manager/game/internal/infrastructure/database/generated/club.sql.go:79.82,94.2 4 1
manager/game/internal/infrastructure/database/generated/club.sql.go:102.87,104.16 2 1
manager/game/internal/infrastructure/database/generated/club.sql.go:104.16,106.3 1 1
manager/game/internal/infrastructure/database/generated/club.sql.go:107.2,109.18 3 1
manager/game/internal/infrastructure/database/generated/club.sql.go:109.18,121.17 2 1
manager/game/internal/infrastructure/database/generated/club.sql.go:121.17,123.4 1 1
manager/game/internal/infrastructure/database/generated/club.sql.go:124.3,124.27 1 1
manager/game/internal/infrastructure/database/generated/club.sql.go:126.2,126.37 1 1
manager/game/internal/infrastructure/database/generated/club.sql.go:126.37,128.3 1 0
manager/game/internal/infrastructure/database/generated/club.sql.go:129.2,129.35 1 1
manager/game/internal/infrastructure/database/generated/club.sql.go:129.35,131.3 1 1
manager/game/internal/infrastructure/database/generated/club.sql.go:132.2,132.19 1 1
manager/game/internal/infrastructure/database/generated/db.go:19.28,21.2 1 1
manager/game/internal/infrastructure/database/generated/db.go:27.47,31.2 1 1
manager/game/internal/infrastructure/database/generated/match.sql.go:41.90,65.2 4 1
manager/game/internal/infrastructure/database/generated/match.sql.go:99.105,122.2 4 1
manager/game/internal/infrastructure/database/generated/match.sql.go:134.72,137.2 2 1
manager/game/internal/infrastructure/database/generated/match.sql.go:147.92,149.16 2 1
manager/game/internal/infrastructure/database/generated/match.sql.go:149.16,151.3 1 1
manager/game/internal/infrastructure/database/generated/match.sql.go:152.2,154.18 3 1
manager/game/internal/infrastructure/database/generated/match.sql.go:154.18,169.17 2 1
manager/game/internal/infrastructure/database/generated/match.sql.go:169.17,171.4 1 0
manager/game/internal/infrastructure/database/generated/match.sql.go:172.3,172.27 1 1
manager/game/internal/infrastructure/database/generated/match.sql.go:174.2,174.37 1 1
manager/game/internal/infrastructure/database/generated/match.sql.go:174.37,176.3 1 0
manager/game/internal/infrastructure/database/generated/match.sql.go:177.2,177.35 1 1
manager/game/internal/infrastructure/database/generated/match.sql.go:177.35,179.3 1 1
manager/game/internal/infrastructure/database/generated/match.sql.go:180.2,180.19 1 1
manager/game/internal/infrastructure/database/generated/match.sql.go:201.105,209.2 2 1
manager/game/internal/infrastructure/database/generated/match.sql.go:247.108,267.2 4 1
manager/game/internal/infrastructure/database/generated/player.sql.go:79.93,122.2 4 1
manager/game/internal/infrastructure/database/generated/player.sql.go:130.94,132.16 2 1
manager/game/internal/infrastructure/database/generated/player.sql.go:132.16,134.3 1 1
manager/game/internal/infrastructure/database/generated/player.sql.go:135.2,137.18 3 1
manager/game/internal/infrastructure/database/generated/player.sql.go:137.18,158.17 2 1
manager/game/internal/infrastructure/database/generated/player.sql.go:158.17,160.4 1 0
manager/game/internal/infrastructure/database/generated/player.sql.go:161.3,161.27 1 1
manager/game/internal/infrastructure/database/generated/player.sql.go:163.2,163.37 1 1
manager/game/internal/infrastructure/database/generated/player.sql.go:163.37,165.3 1 0
manager/game/internal/infrastructure/database/generated/player.sql.go:166.2,166.35 1 1
manager/game/internal/infrastructure/database/generated/player.sql.go:166.35,168.3 1 1
manager/game/internal/infrastructure/database/generated/player.sql.go:169.2,169.19 1 1
manager/game/internal/infrastructure/database/generated/player.sql.go:178.80,202.2 4 1
manager/game/internal/infrastructure/database/generated/player.sql.go:210.78,213.2 2 1
manager/game/internal/infrastructure/database/generated/player.sql.go:220.70,222.16 2 1
manager/game/internal/infrastructure/database/generated/player.sql.go:222.16,224.3 1 1
manager/game/internal/infrastructure/database/generated/player.sql.go:225.2,227.18 3 1
manager/game/internal/infrastructure/database/generated/player.sql.go:227.18,248.17 2 1
manager/game/internal/infrastructure/database/generated/player.sql.go:248.17,250.4 1 0
manager/game/internal/infrastructure/database/generated/player.sql.go:251.3,251.27 1 1
manager/game/internal/infrastructure/database/generated/player.sql.go:253.2,253.37 1 1
manager/game/internal/infrastructure/database/generated/player.sql.go:253.37,255.3 1 0
manager/game/internal/infrastructure/database/generated/player.sql.go:256.2,256.35 1 1
manager/game/internal/infrastructure/database/generated/player.sql.go:256.35,258.3 1 1
manager/game/internal/infrastructure/database/generated/player.sql.go:259.2,259.19 1 1
manager/game/internal/infrastructure/database/generated/player.sql.go:307.93,350.2 4 1
manager/game/internal/infrastructure/database/generated/player.sql.go:393.113,434.2 4 1
manager/game/internal/infrastructure/database/generated/user_meta.sql.go:22.97,35.2 4 1
manager/game/internal/infrastructure/database/generated/user_meta.sql.go:70.100,89.2 4 1
manager/game/internal/domain/calendar/calendar.go:19.86,20.21 1 1
manager/game/internal/domain/calendar/calendar.go:20.21,22.3 1 0
manager/game/internal/domain/calendar/calendar.go:23.2,23.23 1 1
manager/game/internal/domain/calendar/calendar.go:23.23,25.3 1 0
manager/game/internal/domain/calendar/calendar.go:26.2,26.68 1 1
manager/game/internal/domain/calendar/calendar.go:29.42,31.2 1 1
manager/game/internal/domain/calendar/calendar.go:33.51,35.18 2 1
manager/game/internal/domain/calendar/calendar.go:35.18,37.3 1 0
manager/game/internal/domain/calendar/calendar.go:38.2,38.33 1 1
manager/game/internal/domain/calendar/calendar.go:41.40,43.2 1 1
manager/game/internal/domain/calendar/calendar.go:45.73,49.2 3 1
manager/game/internal/domain/calendar/calendar.go:51.67,54.2 2 1
manager/game/internal/domain/calendar/calendar.go:134.82,135.30 1 1
manager/game/internal/domain/calendar/calendar.go:135.30,137.3 1 0
manager/game/internal/domain/calendar/calendar.go:138.2,138.31 1 1
manager/game/internal/domain/calendar/calendar.go:138.31,140.3 1 0
manager/game/internal/domain/calendar/calendar.go:141.2,141.49 1 1
manager/game/internal/domain/calendar/calendar.go:141.49,143.3 1 0
manager/game/internal/domain/calendar/calendar.go:145.2,146.16 2 1
manager/game/internal/domain/calendar/calendar.go:146.16,148.3 1 1
manager/game/internal/domain/calendar/calendar.go:149.2,150.16 2 1
manager/game/internal/domain/calendar/calendar.go:150.16,152.3 1 1
manager/game/internal/domain/calendar/calendar.go:154.2,160.8 1 1
manager/game/internal/domain/calendar/calendar.go:163.62,166.32 3 1
manager/game/internal/domain/calendar/calendar.go:166.32,167.53 1 1
manager/game/internal/domain/calendar/calendar.go:167.53,168.12 1 1
manager/game/internal/domain/calendar/calendar.go:170.3,171.30 2 1
manager/game/internal/domain/calendar/calendar.go:171.30,173.4 1 1
manager/game/internal/domain/calendar/calendar.go:174.3,174.28 1 1
manager/game/internal/domain/calendar/calendar.go:174.28,176.4 1 0
manager/game/internal/domain/calendar/calendar.go:177.3,177.21 1 1
manager/game/internal/domain/calendar/calendar.go:178.51,179.62 1 1
manager/game/internal/domain/calendar/calendar.go:180.28,181.78 1 1
manager/game/internal/domain/calendar/calendar.go:182.28,183.78 1 1
manager/game/internal/domain/calendar/calendar.go:186.2,186.15 1 1
manager/game/internal/domain/calendar/calendar.go:189.108,191.32 2 1
manager/game/internal/domain/calendar/calendar.go:191.32,192.79 1 1
manager/game/internal/domain/calendar/calendar.go:192.79,194.4 1 1
manager/game/internal/domain/calendar/calendar.go:197.2,197.22 1 1
manager/game/internal/domain/calendar/calendar.go:197.22,199.3 1 0
manager/game/internal/domain/calendar/calendar.go:200.2,200.29 1 1
manager/game/internal/domain/calendar/calendar.go:200.29,202.3 1 0
manager/game/internal/domain/calendar/calendar.go:204.2,205.36 2 1
manager/game/internal/domain/calendar/calendar.go:205.36,207.3 1 1
manager/game/internal/domain/calendar/calendar.go:208.2,208.20 1 1
manager/game/internal/domain/calendar/calendar.go:208.20,210.3 1 0
manager/game/internal/domain/calendar/calendar.go:212.2,213.59 2 1
manager/game/internal/domain/calendar/calendar.go:213.59,215.25 2 1
manager/game/internal/domain/calendar/calendar.go:215.25,217.4 1 0
manager/game/internal/domain/calendar/calendar.go:218.3,220.45 3 1
manager/game/internal/domain/calendar/calendar.go:223.2,223.13 1 1
manager/game/internal/domain/calendar/calendar.go:226.84,229.42 3 1
manager/game/internal/domain/calendar/calendar.go:229.42,230.51 1 1
manager/game/internal/domain/calendar/calendar.go:230.51,232.4 1 0
manager/game/internal/domain/calendar/calendar.go:233.3,233.53 1 1
manager/game/internal/domain/calendar/calendar.go:236.2,237.25 2 1
manager/game/internal/domain/calendar/calendar.go:237.25,239.3 1 1
manager/game/internal/domain/calendar/calendar.go:241.2,244.32 3 1
manager/game/internal/domain/calendar/calendar.go:244.32,245.94 1 1
manager/game/internal/domain/calendar/calendar.go:245.94,247.4 1 1
manager/game/internal/domain/calendar/calendar.go:248.3,248.42 1 1
manager/game/internal/domain/calendar/calendar.go:248.42,250.4 1 1
manager/game/internal/domain/calendar/calendar.go:251.3,251.42 1 1
manager/game/internal/domain/calendar/calendar.go:251.42,261.4 1 1
manager/game/internal/domain/calendar/calendar.go:263.3,275.40 2 1
manager/game/internal/domain/calendar/calendar.go:278.2,278.46 1 1
manager/game/internal/domain/calendar/calendar.go:278.46,288.3 1 1
manager/game/internal/domain/calendar/calendar.go:290.2,290.21 1 1
manager/game/internal/domain/calendar/calendar.go:293.90,295.47 2 1
manager/game/internal/domain/calendar/calendar.go:295.47,296.34 1 1
manager/game/internal/domain/calendar/calendar.go:296.34,298.4 1 1
manager/game/internal/domain/calendar/calendar.go:299.3,299.124 1 1
manager/game/internal/domain/calendar/calendar.go:299.124,301.4 1 1
manager/game/internal/domain/calendar/calendar.go:302.3,311.5 1 1
manager/game/internal/domain/calendar/calendar.go:313.2,313.42 1 1
manager/game/internal/domain/calendar/calendar.go:313.42,314.51 1 0
manager/game/internal/domain/calendar/calendar.go:314.51,316.4 1 0
manager/game/internal/domain/calendar/calendar.go:317.3,317.53 1 0
manager/game/internal/domain/calendar/calendar.go:319.2,319.21 1 1
manager/game/internal/domain/calendar/calendar.go:322.83,323.31 1 1
manager/game/internal/domain/calendar/calendar.go:323.31,325.3 1 1
manager/game/internal/domain/calendar/calendar.go:326.2,326.78 1 1
manager/game/internal/domain/calendar/calendar.go:326.78,328.3 1 1
manager/game/internal/domain/calendar/calendar.go:329.2,329.107 1 1
manager/game/internal/domain/calendar/calendar.go:329.107,331.3 1 1
manager/game/internal/domain/calendar/calendar.go:332.2,332.38 1 1
manager/game/internal/domain/calendar/calendar.go:332.38,334.3 1 1
manager/game/internal/domain/calendar/calendar.go:335.2,335.12 1 1
manager/game/internal/domain/calendar/calendar.go:338.48,339.23 1 1
manager/game/internal/domain/calendar/calendar.go:339.23,341.3 1 1
manager/game/internal/domain/calendar/calendar.go:342.2,342.38 1 1
manager/game/internal/domain/calendar/calendar.go:342.38,344.3 1 1
manager/game/internal/domain/calendar/calendar.go:345.2,345.23 1 1
manager/game/internal/domain/calendar/calendar.go:348.57,349.24 1 1
manager/game/internal/domain/calendar/calendar.go:349.24,351.3 1 1
manager/game/internal/domain/calendar/calendar.go:352.2,352.26 1 1
manager/game/cmd/simulate-debug/main.go:81.13,87.22 5 0
manager/game/cmd/simulate-debug/main.go:87.22,89.3 1 0
manager/game/cmd/simulate-debug/main.go:91.2,92.15 2 0
manager/game/cmd/simulate-debug/main.go:92.15,94.3 1 0
manager/game/cmd/simulate-debug/main.go:96.2,97.16 2 0
manager/game/cmd/simulate-debug/main.go:97.16,99.3 1 0
manager/game/cmd/simulate-debug/main.go:100.2,101.16 2 0
manager/game/cmd/simulate-debug/main.go:101.16,103.3 1 0
manager/game/cmd/simulate-debug/main.go:105.2,114.16 4 0
manager/game/cmd/simulate-debug/main.go:114.16,116.3 1 0
manager/game/cmd/simulate-debug/main.go:117.2,117.54 1 0
manager/game/cmd/simulate-debug/main.go:117.54,119.3 1 0
manager/game/cmd/simulate-debug/main.go:121.2,123.41 3 0
manager/game/cmd/simulate-debug/main.go:123.41,124.16 1 0
manager/game/cmd/simulate-debug/main.go:124.16,127.4 2 0
manager/game/cmd/simulate-debug/main.go:128.3,128.56 1 0
manager/game/cmd/simulate-debug/main.go:131.2,131.33 1 0
manager/game/cmd/simulate-debug/main.go:134.189,135.25 1 1
manager/game/cmd/simulate-debug/main.go:135.25,137.3 1 0
manager/game/cmd/simulate-debug/main.go:139.2,145.29 6 1
manager/game/cmd/simulate-debug/main.go:145.29,147.3 1 0
manager/game/cmd/simulate-debug/main.go:148.2,149.27 2 1
manager/game/cmd/simulate-debug/main.go:149.27,151.3 1 0
manager/game/cmd/simulate-debug/main.go:153.2,176.16 2 1
manager/game/cmd/simulate-debug/main.go:176.16,178.3 1 0
manager/game/cmd/simulate-debug/main.go:180.2,206.8 4 1
manager/game/cmd/simulate-debug/main.go:209.114,214.2 1 1
manager/game/cmd/simulate-debug/main.go:216.100,219.79 1 1
manager/game/cmd/simulate-debug/main.go:219.79,219.100 1 1
manager/game/cmd/simulate-debug/main.go:220.79,220.99 1 1
manager/game/cmd/simulate-debug/main.go:221.79,221.106 1 1
manager/game/cmd/simulate-debug/main.go:222.79,222.102 1 1
manager/game/cmd/simulate-debug/main.go:223.79,223.103 1 1
manager/game/cmd/simulate-debug/main.go:224.79,224.97 1 1
manager/game/cmd/simulate-debug/main.go:228.125,230.33 2 1
manager/game/cmd/simulate-debug/main.go:230.33,236.3 1 1
manager/game/cmd/simulate-debug/main.go:238.2,238.48 1 1
manager/game/cmd/simulate-debug/main.go:238.48,239.43 1 1
manager/game/cmd/simulate-debug/main.go:239.43,241.4 1 1
manager/game/cmd/simulate-debug/main.go:242.3,242.45 1 1
manager/game/cmd/simulate-debug/main.go:245.2,245.22 1 1
manager/game/cmd/simulate-debug/main.go:245.22,247.3 1 1
manager/game/cmd/simulate-debug/main.go:248.2,248.16 1 1
manager/game/cmd/simulate-debug/main.go:251.55,257.2 5 0
manager/game/cmd/simulate-debug/main.go:259.47,267.2 7 0
manager/game/cmd/simulate-debug/main.go:269.64,271.33 2 0
manager/game/cmd/simulate-debug/main.go:271.33,273.3 1 0
manager/game/cmd/simulate-debug/main.go:274.2,274.62 1 0
manager/game/cmd/simulate-debug/main.go:277.62,278.35 1 1
manager/game/cmd/simulate-debug/main.go:278.35,280.3 1 0
manager/game/cmd/simulate-debug/main.go:281.2,281.63 1 1
manager/game/cmd/simulate-debug/main.go:281.63,283.3 1 0
manager/game/cmd/simulate-debug/main.go:284.2,285.16 2 1
manager/game/cmd/simulate-debug/main.go:285.16,287.3 1 0
manager/game/cmd/simulate-debug/main.go:288.2,288.43 1 1
manager/game/cmd/simulate-debug/main.go:291.63,293.16 2 0
manager/game/cmd/simulate-debug/main.go:293.16,295.3 1 0
manager/game/cmd/simulate-debug/main.go:297.2,298.54 2 0
manager/game/cmd/simulate-debug/main.go:298.54,300.3 1 0
manager/game/cmd/simulate-debug/main.go:301.2,301.27 1 0
manager/game/cmd/simulate-debug/main.go:301.27,303.3 1 0
manager/game/cmd/simulate-debug/main.go:305.2,306.16 2 0
manager/game/cmd/simulate-debug/main.go:306.16,308.3 1 0
manager/game/cmd/simulate-debug/main.go:310.2,311.44 2 0
manager/game/cmd/simulate-debug/main.go:311.44,312.46 1 0
manager/game/cmd/simulate-debug/main.go:312.46,314.4 1 0
manager/game/cmd/simulate-debug/main.go:315.3,315.46 1 0
manager/game/cmd/simulate-debug/main.go:315.46,317.4 1 0
manager/game/cmd/simulate-debug/main.go:319.3,324.5 1 0
manager/game/cmd/simulate-debug/main.go:327.2,328.20 2 0
manager/game/cmd/simulate-debug/main.go:328.20,330.3 1 0
manager/game/cmd/simulate-debug/main.go:332.2,336.8 1 0
manager/game/cmd/simulate-debug/main.go:339.67,340.41 1 0
manager/game/cmd/simulate-debug/main.go:340.41,342.17 2 0
manager/game/cmd/simulate-debug/main.go:342.17,344.4 1 0
manager/game/cmd/simulate-debug/main.go:345.3,345.21 1 0
manager/game/cmd/simulate-debug/main.go:348.2,349.16 2 0
manager/game/cmd/simulate-debug/main.go:349.16,351.3 1 0
manager/game/cmd/simulate-debug/main.go:352.2,352.59 1 0
manager/game/internal/infrastructure/scheduler/scheduler.go:26.94,28.23 2 1
manager/game/internal/infrastructure/scheduler/scheduler.go:28.23,30.3 1 1
manager/game/internal/infrastructure/scheduler/scheduler.go:32.2,37.3 1 1
manager/game/internal/infrastructure/scheduler/scheduler.go:40.46,41.39 1 1
manager/game/internal/infrastructure/scheduler/scheduler.go:41.39,44.3 2 1
manager/game/internal/infrastructure/scheduler/scheduler.go:46.2,49.6 3 1
manager/game/internal/infrastructure/scheduler/scheduler.go:49.6,50.10 1 1
manager/game/internal/infrastructure/scheduler/scheduler.go:51.21,52.10 1 1
manager/game/internal/infrastructure/scheduler/scheduler.go:53.19,54.15 1 1
manager/game/internal/infrastructure/scheduler/scheduler.go:59.50,63.66 3 1
manager/game/internal/infrastructure/scheduler/scheduler.go:63.66,65.3 1 0
manager/game/internal/infrastructure/scheduler/scheduler.go:66.2,66.16 1 1
manager/game/internal/infrastructure/scheduler/scheduler.go:66.16,69.3 2 1
manager/game/internal/infrastructure/scheduler/scheduler.go:71.2,74.14 3 1
manager/game/internal/infrastructure/scheduler/scheduler.go:77.47,83.25 5 1
manager/game/internal/infrastructure/scheduler/scheduler.go:83.25,85.3 1 1
manager/game/internal/infrastructure/scheduler/scheduler.go:86.2,86.25 1 1
manager/game/internal/infrastructure/scheduler/scheduler.go:86.25,88.3 1 1
manager/game/internal/infrastructure/scheduler/scheduler.go:89.2,90.20 2 1
manager/game/internal/infrastructure/scheduler/scheduler.go:90.20,92.3 1 1
manager/game/internal/infrastructure/scheduler/scheduler.go:93.2,94.20 2 1
manager/game/internal/infrastructure/scheduler/scheduler.go:94.20,96.3 1 1
manager/game/internal/infrastructure/scheduler/scheduler.go:97.2,97.19 1 1
manager/game/internal/infrastructure/scheduler/scheduler.go:97.19,99.3 1 0
manager/game/internal/infrastructure/scheduler/scheduler.go:101.2,103.16 3 1
manager/game/internal/infrastructure/scheduler/scheduler.go:103.16,106.3 2 1
manager/game/internal/infrastructure/scheduler/scheduler.go:108.2,110.30 2 0
manager/game/internal/infrastructure/scheduler/scheduler.go:110.30,112.32 2 0
manager/game/internal/infrastructure/scheduler/scheduler.go:112.32,114.4 1 0
manager/game/internal/infrastructure/scheduler/scheduler.go:117.2,117.28 1 0
manager/game/internal/infrastructure/scheduler/scheduler.go:117.28,119.32 2 0
manager/game/internal/infrastructure/scheduler/scheduler.go:119.32,120.57 1 0
manager/game/internal/infrastructure/scheduler/scheduler.go:120.57,122.5 1 0
manager/game/internal/infrastructure/scheduler/scheduler.go:126.2,126.23 1 0
manager/game/internal/infrastructure/scheduler/scheduler.go:126.23,127.32 1 0
manager/game/internal/infrastructure/scheduler/scheduler.go:127.32,129.4 1 0
manager/game/internal/infrastructure/scheduler/scheduler.go:132.2,133.195 2 0
manager/game/internal/infrastructure/scheduler/scheduler.go:136.85,137.21 1 1
manager/game/internal/infrastructure/scheduler/scheduler.go:137.21,139.3 1 1
manager/game/internal/infrastructure/scheduler/scheduler.go:140.2,140.25 1 1
manager/game/internal/infrastructure/scheduler/scheduler.go:140.25,142.3 1 0
manager/game/internal/infrastructure/scheduler/scheduler.go:143.2,143.19 1 1
manager/game/internal/infrastructure/scheduler/scheduler.go:143.19,145.3 1 0
manager/game/internal/infrastructure/scheduler/scheduler.go:147.2,150.38 3 1
manager/game/internal/infrastructure/scheduler/scheduler.go:150.38,152.13 2 1
manager/game/internal/infrastructure/scheduler/scheduler.go:152.13,154.27 2 1
manager/game/internal/infrastructure/scheduler/scheduler.go:154.27,156.5 1 1
manager/game/internal/infrastructure/scheduler/scheduler.go:160.2,160.29 1 1
manager/game/internal/infrastructure/scheduler/scheduler.go:160.29,162.3 1 1
manager/game/internal/infrastructure/scheduler/scheduler.go:163.2,165.11 2 1
manager/game/internal/infrastructure/scheduler/scheduler.go:168.87,187.17 2 1
manager/game/internal/infrastructure/scheduler/scheduler.go:187.17,189.3 1 1
manager/game/internal/infrastructure/scheduler/scheduler.go:191.2,191.24 1 1
manager/game/internal/infrastructure/scheduler/scheduler.go:191.24,201.18 2 1
manager/game/internal/infrastructure/scheduler/scheduler.go:201.18,203.4 1 1
manager/game/internal/infrastructure/scheduler/scheduler.go:205.3,210.18 1 1
manager/game/internal/infrastructure/scheduler/scheduler.go:210.18,212.4 1 0
manager/game/internal/infrastructure/scheduler/scheduler.go:214.3,214.42 1 1
manager/game/internal/infrastructure/scheduler/scheduler.go:217.2,222.4 1 1
manager/game/internal/infrastructure/scheduler/scheduler.go:225.122,226.28 1 1
manager/game/internal/infrastructure/scheduler/scheduler.go:226.28,228.3 1 1
manager/game/internal/infrastructure/scheduler/scheduler.go:230.2,230.27 1 1
manager/game/internal/infrastructure/scheduler/scheduler.go:230.27,232.3 1 1
manager/game/internal/infrastructure/scheduler/scheduler.go:234.2,234.106 1 1
manager/game/internal/config/config.go:26.20,44.2 1 0
manager/game/internal/config/config.go:46.51,47.42 1 0
manager/game/internal/config/config.go:47.42,49.3 1 0
manager/game/internal/config/config.go:51.2,51.17 1 0
manager/game/internal/config/config.go:54.57,56.15 2 0
manager/game/internal/config/config.go:56.15,58.3 1 0
manager/game/internal/config/config.go:60.2,61.16 2 0
manager/game/internal/config/config.go:61.16,63.3 1 0
manager/game/internal/config/config.go:65.2,65.15 1 0
manager/game/internal/infrastructure/mailer/verification_template.go:19.77,21.75 2 0
manager/game/internal/infrastructure/mailer/verification_template.go:21.75,23.3 1 0
manager/game/internal/infrastructure/mailer/verification_template.go:25.2,25.31 1 0
manager/game/cmd/api/main.go:20.13,25.27 3 0
manager/game/cmd/api/main.go:25.27,27.3 1 0
manager/game/cmd/api/main.go:28.2,28.29 1 0
manager/game/cmd/api/main.go:28.29,30.3 1 0
manager/game/cmd/api/main.go:32.2,33.16 2 0
manager/game/cmd/api/main.go:33.16,35.3 1 0
manager/game/cmd/api/main.go:36.2,48.66 9 0
manager/game/cmd/api/main.go:48.66,50.3 1 0
manager/game/internal/api/auth_handler.go:58.82,63.2 1 0
manager/game/internal/api/auth_handler.go:65.71,67.2 1 0
manager/game/internal/api/auth_handler.go:69.70,70.22 1 0
manager/game/internal/api/auth_handler.go:70.22,73.3 2 0
manager/game/internal/api/auth_handler.go:75.2,76.61 2 0
manager/game/internal/api/auth_handler.go:76.61,79.3 2 0
manager/game/internal/api/auth_handler.go:81.2,82.16 2 0
manager/game/internal/api/auth_handler.go:82.16,85.3 2 0
manager/game/internal/api/auth_handler.go:87.2,87.27 1 0
manager/game/internal/api/auth_handler.go:87.27,90.3 2 0
manager/game/internal/api/auth_handler.go:92.2,93.16 2 0
manager/game/internal/api/auth_handler.go:93.16,96.3 2 0
manager/game/internal/api/auth_handler.go:97.2,97.36 1 0
manager/game/internal/api/auth_handler.go:97.36,100.3 2 0
manager/game/internal/api/auth_handler.go:102.2,103.16 2 0
manager/game/internal/api/auth_handler.go:103.16,106.3 2 0
manager/game/internal/api/auth_handler.go:108.2,109.16 2 0
manager/game/internal/api/auth_handler.go:109.16,112.3 2 0
manager/game/internal/api/auth_handler.go:114.2,123.16 3 0
manager/game/internal/api/auth_handler.go:123.16,126.3 2 0
manager/game/internal/api/auth_handler.go:128.2,128.74 1 0
manager/game/internal/api/auth_handler.go:128.74,131.3 2 0
manager/game/internal/api/auth_handler.go:133.2,136.4 1 0
manager/game/internal/api/auth_handler.go:139.70,140.22 1 0
manager/game/internal/api/auth_handler.go:140.22,143.3 2 0
manager/game/internal/api/auth_handler.go:145.2,146.61 2 0
manager/game/internal/api/auth_handler.go:146.61,149.3 2 0
manager/game/internal/api/auth_handler.go:151.2,152.16 2 0
manager/game/internal/api/auth_handler.go:152.16,155.3 2 0
manager/game/internal/api/auth_handler.go:157.2,158.16 2 0
manager/game/internal/api/auth_handler.go:158.16,161.3 2 0
manager/game/internal/api/auth_handler.go:163.2,163.18 1 0
manager/game/internal/api/auth_handler.go:163.18,166.3 2 0
manager/game/internal/api/auth_handler.go:168.2,168.103 1 0
manager/game/internal/api/auth_handler.go:168.103,171.3 2 0
manager/game/internal/api/auth_handler.go:173.2,174.16 2 0
manager/game/internal/api/auth_handler.go:174.16,177.3 2 0
manager/game/internal/api/auth_handler.go:179.2,179.59 1 0
manager/game/internal/api/auth_handler.go:182.75,184.17 2 0
manager/game/internal/api/auth_handler.go:184.17,187.3 2 0
manager/game/internal/api/auth_handler.go:189.2,190.16 2 0
manager/game/internal/api/auth_handler.go:190.16,191.36 1 0
manager/game/internal/api/auth_handler.go:191.36,194.4 2 0
manager/game/internal/api/auth_handler.go:196.3,197.9 2 0
manager/game/internal/api/auth_handler.go:200.2,200.92 1 0
manager/game/internal/api/auth_handler.go:203.66,205.16 2 0
manager/game/internal/api/auth_handler.go:205.16,208.3 2 0
manager/game/internal/api/auth_handler.go:210.2,211.16 2 0
manager/game/internal/api/auth_handler.go:211.16,214.3 2 0
manager/game/internal/api/auth_handler.go:216.2,216.78 1 0
manager/game/internal/api/auth_handler.go:219.82,232.2 5 0
manager/game/internal/api/auth_handler.go:234.72,235.87 1 0
manager/game/internal/api/auth_handler.go:235.87,237.3 1 0
manager/game/internal/api/auth_handler.go:239.2,244.16 3 0
manager/game/internal/api/auth_handler.go:244.16,246.3 1 0
manager/game/internal/api/auth_handler.go:248.2,256.88 3 0
manager/game/internal/api/auth_handler.go:256.88,258.3 1 0
manager/game/internal/api/auth_handler.go:260.2,260.12 1 0
manager/game/internal/api/auth_handler.go:263.56,265.19 2 0
manager/game/internal/api/auth_handler.go:265.19,267.3 1 0
manager/game/internal/api/auth_handler.go:269.2,290.3 1 0
manager/game/internal/api/auth_handler.go:293.62,295.27 2 0
manager/game/internal/api/auth_handler.go:295.27,297.3 1 0
manager/game/internal/api/auth_handler.go:299.2,299.62 1 0
manager/game/internal/api/auth_handler.go:299.62,301.3 1 0
manager/game/internal/api/auth_handler.go:303.2,303.29 1 0
manager/game/internal/api/auth_handler.go:306.46,308.50 2 0
manager/game/internal/api/auth_handler.go:308.50,310.3 1 0
manager/game/internal/api/auth_handler.go:312.2,312.63 1 0
manager/game/internal/api/auth_handler.go:315.66,319.2 3 0
manager/game/internal/api/auth_middleware.go:18.78,19.46 1 0
manager/game/internal/api/auth_middleware.go:19.46,20.72 1 0
manager/game/internal/api/auth_middleware.go:20.72,22.18 2 0
manager/game/internal/api/auth_middleware.go:22.18,25.5 2 0
manager/game/internal/api/auth_middleware.go:27.4,27.94 1 0
manager/game/internal/api/auth_middleware.go:32.63,34.9 2 0
manager/game/internal/api/auth_middleware.go:34.9,36.3 1 0
manager/game/internal/api/auth_middleware.go:38.2,38.21 1 0
manager/game/internal/api/auth_middleware.go:41.87,43.47 2 0
manager/game/internal/api/auth_middleware.go:43.47,45.3 1 0
manager/game/internal/api/auth_middleware.go:47.2,48.20 2 0
manager/game/internal/api/auth_middleware.go:48.20,50.3 1 0
manager/game/internal/api/auth_middleware.go:52.2,52.80 1 0
manager/game/internal/api/auth_middleware.go:52.80,53.45 1 0
manager/game/internal/api/auth_middleware.go:53.45,55.4 1 0
manager/game/internal/api/auth_middleware.go:56.3,56.32 1 0
manager/game/internal/api/auth_middleware.go:58.2,58.32 1 0
manager/game/internal/api/auth_middleware.go:58.32,60.3 1 0
manager/game/internal/api/auth_middleware.go:62.2,63.9 2 0
manager/game/internal/api/auth_middleware.go:63.9,65.3 1 0
manager/game/internal/api/auth_middleware.go:67.2,68.47 2 0
manager/game/internal/api/auth_middleware.go:68.47,70.3 1 0
manager/game/internal/api/auth_middleware.go:72.2,73.16 2 0
manager/game/internal/api/auth_middleware.go:73.16,75.3 1 0
manager/game/internal/api/auth_middleware.go:77.2,77.20 1 0
manager/game/internal/api/club_handler.go:26.63,28.2 1 0
manager/game/internal/api/club_handler.go:30.73,31.22 1 0
manager/game/internal/api/club_handler.go:31.22,34.3 2 0
manager/game/internal/api/club_handler.go:36.2,37.9 2 0
manager/game/internal/api/club_handler.go:37.9,40.3 2 0
manager/game/internal/api/club_handler.go:42.2,43.16 2 0
manager/game/internal/api/club_handler.go:43.16,46.3 2 0
manager/game/internal/api/club_handler.go:48.2,49.57 2 0
manager/game/internal/api/club_handler.go:49.57,51.3 1 0
manager/game/internal/api/club_handler.go:54.74,55.22 1 0
manager/game/internal/api/club_handler.go:55.22,58.3 2 0
manager/game/internal/api/club_handler.go:60.2,61.9 2 0
manager/game/internal/api/club_handler.go:61.9,64.3 2 0
manager/game/internal/api/club_handler.go:66.2,67.61 2 0
manager/game/internal/api/club_handler.go:67.61,70.3 2 0
manager/game/internal/api/club_handler.go:72.2,78.113 6 0
manager/game/internal/api/club_handler.go:78.113,81.3 2 0
manager/game/internal/api/club_handler.go:83.2,84.16 2 0
manager/game/internal/api/club_handler.go:84.16,87.3 2 0
manager/game/internal/api/club_handler.go:88.2,88.36 1 0
manager/game/internal/api/club_handler.go:88.36,91.3 2 0
manager/game/internal/api/club_handler.go:93.2,102.16 2 0
manager/game/internal/api/club_handler.go:102.16,105.3 2 0
manager/game/internal/api/club_handler.go:107.2,109.56 3 0
manager/game/internal/api/club_handler.go:109.56,111.3 1 0
manager/game/internal/api/router.go:12.73,19.29 5 0
manager/game/internal/api/router.go:19.29,22.41 2 0
manager/game/internal/api/router.go:22.41,23.60 1 0
manager/game/internal/api/router.go:23.60,27.5 3 0
manager/game/internal/api/router.go:30.3,30.40 1 0
manager/game/internal/api/router.go:30.40,33.4 2 0
manager/game/internal/api/router.go:36.2,36.38 1 0
manager/game/internal/api/router.go:36.38,41.30 5 0
manager/game/internal/api/router.go:41.30,44.4 2 0
manager/game/internal/api/router.go:47.2,47.10 1 0
manager/game/internal/domain/training/training.go:19.42,20.12 1 0
manager/game/internal/domain/training/training.go:21.9,21.30 1 0
manager/game/internal/domain/training/training.go:22.9,22.27 1 0
manager/game/internal/domain/training/training.go:23.10,23.29 1 0
manager/game/internal/domain/training/training.go:24.10,24.27 1 0
manager/game/internal/domain/training/training.go:43.41,44.11 1 0
manager/game/internal/domain/training/training.go:45.12,45.23 1 0
manager/game/internal/domain/training/training.go:46.14,46.25 1 0
manager/game/internal/domain/training/training.go:47.15,47.26 1 0
manager/game/internal/domain/training/training.go:48.10,48.21 1 0
manager/game/internal/domain/training/training.go:63.39,65.11 1 0
manager/game/internal/domain/training/training.go:66.17,66.36 1 0
manager/game/internal/domain/training/training.go:67.15,67.32 1 0
manager/game/internal/domain/training/training.go:68.17,68.34 1 0
manager/game/internal/domain/training/training.go:69.16,69.26 1 0
manager/game/internal/domain/training/training.go:70.13,70.28 1 0
manager/game/internal/domain/training/training.go:71.16,71.26 1 0
manager/game/internal/domain/training/training.go:72.15,72.45 1 0
manager/game/internal/domain/training/training.go:73.19,73.29 1 0
manager/game/internal/domain/training/training.go:74.10,74.27 1 0
manager/game/engine/engine.go:19.20,23.2 1 0
manager/game/engine/engine.go:25.88,28.2 2 0
manager/game/engine/engine.go:30.61,32.2 0 0
manager/game/engine/engine.go:34.112,36.2 1 0
manager/game/engine/engine.go:38.104,40.2 1 0
manager/game/engine/engine.go:42.146,44.2 1 0
manager/game/engine/engine.go:46.74,49.2 1 0
manager/game/engine/engine.go:65.81,79.2 1 0
manager/game/engine/engine.go:81.30,84.2 2 0
manager/game/engine/engine.go:86.32,88.2 1 0
manager/game/engine/engine.go:90.32,92.2 1 0
manager/game/engine/engine.go:94.33,96.2 1 0
manager/game/engine/engine.go:98.32,100.2 1 0
manager/game/engine/engine.go:102.33,104.2 1 0
